// Jest Snapshot v1, https://goo.gl/fbAQLP

exports[`matches App snapshot 1`] = `
<DocumentFragment>
  <div
    class="App"
  />
</DocumentFragment>
`;
