// Jest Snapshot v1, https://goo.gl/fbAQLP

exports[`matches Cell snapshot 1`] = `<DocumentFragment />`;
